---
source: sdl-parser/src/metrics.rs
expression: metrics
---
metric-1:
  type: Manual
  artifact: true
  max_score: 10
  condition: ~
metric-2:
  type: Conditional
  artifact: ~
  max_score: 10
  condition: condition-1

