---
source: sdl-parser/src/condition.rs
expression: conditions
---
condition-1:
  command: executable/path.sh
  interval: 30
  source: ~
condition-2:
  command: ~
  interval: ~
  source:
    name: digital-library-package
    version: "*"

