---
source: sdl-parser/src/infrastructure.rs
expression: schema
---
infrastructure:
  debian-2:
    count: 4
    links: ~
    dependencies: ~
  windows-10-vuln-1:
    count: 10
    links: ~
    dependencies: ~

