---
source: sdl-parser/src/infrastructure.rs
expression: infra_node
---
InfraNode {
    name: None,
    count: 23,
    links: None,
    dependencies: None,
    description: None,
}
