---
source: sdl-parser/src/conditions.rs
expression: condition
---
Condition {
    vm_name: "green-evelation-machine",
    command: None,
    interval: None,
    library: Some(
        "digital-library-package",
    ),
}
