---
source: sdl-parser/src/node.rs
expression: node
---
Node {
    type_field: VM,
    description: None,
    resources: None,
    source_helper: Some(
        Source(
            Source {
                name: "package-name",
                version: "1.2.3",
            },
        ),
    ),
    source: None,
    conditions: None,
    vulnerabilities: None,
}
