---
source: sdl-parser/src/infrastructure.rs
expression: schema
---
infrastructure:
  ubuntu-10:
    count: 5
    links: ~
    dependencies: ~
  windows-10-vuln-1:
    count: 10
    links: ~
    dependencies: ~
  windows-10-vuln-2:
    count: 10
    links: ~
    dependencies: ~

