---
source: sdl-parser/src/metric.rs
expression: metrics
---
metric-1:
  name: ~
  type: Manual
  artifact: true
  max_score: 10
  condition: ~
  description: ~
metric-2:
  name: ~
  type: Conditional
  artifact: ~
  max_score: 10
  condition: condition-1
  description: ~

