---
source: sdl-parser/src/evaluation.rs
expression: evaluations
---
evaluation-1:
  name: ~
  description: some description
  metrics:
    - metric-1
    - metric-2
  min_score:
    absolute: ~
    percentage: 50

