---
source: sdl-parser/src/conditions.rs
expression: schema
---
scenario:
  name: test-scenario
  description: some-description
  start: "2022-01-20T13:00:00Z"
  end: "2022-01-20T23:00:00Z"
  nodes:
    deb-10:
      type: VM
      description: ~
      resources: ~
      source:
        name: debian10
        version: "*"
    win-10:
      type: VM
      description: ~
      resources: ~
      source:
        name: windows10
        version: "*"
  infrastructure: ~
  conditions:
    condition-1:
      vm-name: win-10
      command: executable/path.sh
      interval: 30
      source: ~
    condition-2:
      vm-name: deb-10
      command: ~
      interval: ~
      source:
        name: digital-library-package
        version: "*"

