---
source: sdl-parser/src/feature.rs
expression: features
---
my-cool-feature:
  source:
    name: some-service
    version: "*"
  dependencies: ~
  vulnerabilities: ~
my-cool-feature-config:
  source:
    name: cool-config
    version: 1.0.0
  dependencies: ~
  vulnerabilities: ~

