---
source: sdl-parser/src/condition.rs
expression: conditions
---
condition-1:
  command: executable/path.sh
  interval: 30
  source: ~
  description: This is a description for condition 1

