---
source: sdl-parser/src/conditions.rs
expression: condition
---
Condition {
    vm_name: "windows-10",
    command: Some(
        "executable/path.sh",
    ),
    interval: Some(
        30,
    ),
    library: None,
}
